[    0.000000] Linux version 4.8.0-52-generic (buildd@lgw01-16) (gcc version 6.2.0 20161005 (Ubuntu 6.2.0-5ubuntu12) ) #55-Ubuntu SMP Fri Apr 28 13:28:50 UTC 2017 (Ubuntu 4.8.0-52.55-generic 4.8.17)
[    0.000000] Command line: BOOT_IMAGE=/boot/vmlinuz-4.8.0-52-generic root=UUID=399eeb5c-cc14-4a76-b885-3a09dd6d481b ro console=tty1 console=ttyS0
[    0.000000] KERNEL supported cpus:
[    0.000000]   Intel GenuineIntel
[    0.000000]   AMD AuthenticAMD
[    0.000000]   Centaur CentaurHauls
[    0.000000] x86/fpu: Supporting XSAVE feature 0x001: 'x87 floating point registers'
[    0.000000] x86/fpu: Supporting XSAVE feature 0x002: 'SSE registers'
[    0.000000] x86/fpu: Supporting XSAVE feature 0x004: 'AVX registers'
[    0.000000] x86/fpu: xstate_offset[2]:  576, xstate_sizes[2]:  256
[    0.000000] x86/fpu: Enabled xstate features 0x7, context size is 832 bytes, using 'standard' format.
[    0.000000] x86/fpu: Using 'eager' FPU context switches.
[    0.000000] e820: BIOS-provided physical RAM map:
[    0.000000] BIOS-e820: [mem 0x0000000000000000-0x000000000009fbff] usable
[    0.000000] BIOS-e820: [mem 0x000000000009fc00-0x000000000009ffff] reserved
[    0.000000] BIOS-e820: [mem 0x00000000000f0000-0x00000000000fffff] reserved
[    0.000000] BIOS-e820: [mem 0x0000000000100000-0x000000007ffeffff] usable
[    0.000000] BIOS-e820: [mem 0x000000007fff0000-0x000000007fffffff] ACPI data
[    0.000000] BIOS-e820: [mem 0x00000000fec00000-0x00000000fec00fff] reserved
[    0.000000] BIOS-e820: [mem 0x00000000fee00000-0x00000000fee00fff] reserved
[    0.000000] BIOS-e820: [mem 0x00000000fffc0000-0x00000000ffffffff] reserved
[    0.000000] NX (Execute Disable) protection: active
[    0.000000] SMBIOS 2.5 present.
[    0.000000] Hypervisor detected: KVM
[    0.000000] e820: last_pfn = 0x7fff0 max_arch_pfn = 0x400000000
[    0.000000] MTRR: Disabled
[    0.000000] x86/PAT: MTRRs disabled, skipping PAT initialization too.
[    0.000000] x86/PAT: Configuration [0-7]: WB  WT  UC- UC  WB  WT  UC- UC  
[    0.000000] CPU MTRRs all blank - virtualized system.
[    0.000000] found SMP MP-table at [mem 0x0009fff0-0x0009ffff] mapped at [ffff99628009fff0]
[    0.000000] Scanning 1 areas for low memory corruption
[    0.000000] RAMDISK: [mem 0x35fee000-0x36feefff]
[    0.000000] ACPI: Early table checksum verification disabled
[    0.000000] ACPI: RSDP 0x00000000000E0000 000024 (v02 VBOX  )
[    0.000000] ACPI: XSDT 0x000000007FFF0030 00003C (v01 VBOX   VBOXXSDT 00000001 ASL  00000061)
[    0.000000] ACPI: FACP 0x000000007FFF00F0 0000F4 (v04 VBOX   VBOXFACP 00000001 ASL  00000061)
[    0.000000] ACPI: DSDT 0x000000007FFF0470 0021C8 (v02 VBOX   VBOXBIOS 00000002 INTL 20100528)
[    0.000000] ACPI: FACS 0x000000007FFF0200 000040
[    0.000000] ACPI: FACS 0x000000007FFF0200 000040
[    0.000000] ACPI: APIC 0x000000007FFF0240 00005C (v02 VBOX   VBOXAPIC 00000001 ASL  00000061)
[    0.000000] ACPI: SSDT 0x000000007FFF02A0 0001CC (v01 VBOX   VBOXCPUT 00000002 INTL 20100528)
[    0.000000] No NUMA configuration found
[    0.000000] Faking a node at [mem 0x0000000000000000-0x000000007ffeffff]
[    0.000000] NODE_DATA(0) allocated [mem 0x7ffeb000-0x7ffeffff]
[    0.000000] kvm-clock: Using msrs 4b564d01 and 4b564d00
[    0.000000] kvm-clock: cpu 0, msr 0:7ffe3001, primary cpu clock
[    0.000000] kvm-clock: using sched offset of 3765337819 cycles
[    0.000000] clocksource: kvm-clock: mask: 0xffffffffffffffff max_cycles: 0x1cd42e4dffb, max_idle_ns: 881590591483 ns
[    0.000000] Zone ranges:
[    0.000000]   DMA      [mem 0x0000000000001000-0x0000000000ffffff]
[    0.000000]   DMA32    [mem 0x0000000001000000-0x000000007ffeffff]
[    0.000000]   Normal   empty
[    0.000000]   Device   empty
[    0.000000] Movable zone start for each node
[    0.000000] Early memory node ranges
[    0.000000]   node   0: [mem 0x0000000000001000-0x000000000009efff]
[    0.000000]   node   0: [mem 0x0000000000100000-0x000000007ffeffff]
[    0.000000] Initmem setup node 0 [mem 0x0000000000001000-0x000000007ffeffff]
[    0.000000] ACPI: PM-Timer IO Port: 0x4008
[    0.000000] IOAPIC[0]: apic_id 2, version 32, address 0xfec00000, GSI 0-23
[    0.000000] ACPI: INT_SRC_OVR (bus 0 bus_irq 0 global_irq 2 dfl dfl)
[    0.000000] ACPI: INT_SRC_OVR (bus 0 bus_irq 9 global_irq 9 high level)
[    0.000000] Using ACPI (MADT) for SMP configuration information
[    0.000000] smpboot: Allowing 2 CPUs, 0 hotplug CPUs
[    0.000000] PM: Registered nosave memory: [mem 0x00000000-0x00000fff]
[    0.000000] PM: Registered nosave memory: [mem 0x0009f000-0x0009ffff]
[    0.000000] PM: Registered nosave memory: [mem 0x000a0000-0x000effff]
[    0.000000] PM: Registered nosave memory: [mem 0x000f0000-0x000fffff]
[    0.000000] e820: [mem 0x80000000-0xfebfffff] available for PCI devices
[    0.000000] Booting paravirtualized kernel on KVM
[    0.000000] clocksource: refined-jiffies: mask: 0xffffffff max_cycles: 0xffffffff, max_idle_ns: 7645519600211568 ns
[    0.000000] setup_percpu: NR_CPUS:512 nr_cpumask_bits:512 nr_cpu_ids:2 nr_node_ids:1
[    0.000000] percpu: Embedded 36 pages/cpu @ffff9962ffc00000 s107864 r8192 d31400 u1048576
[    0.000000] PV qspinlock hash table entries: 256 (order: 0, 4096 bytes)
[    0.000000] Built 1 zonelists in Node order, mobility grouping on.  Total pages: 515961
[    0.000000] Policy zone: DMA32
[    0.000000] Kernel command line: BOOT_IMAGE=/boot/vmlinuz-4.8.0-52-generic root=UUID=399eeb5c-cc14-4a76-b885-3a09dd6d481b ro console=tty1 console=ttyS0
[    0.000000] PID hash table entries: 4096 (order: 3, 32768 bytes)
[    0.000000] Memory: 2028140K/2096696K available (8849K kernel code, 1441K rwdata, 3828K rodata, 1552K init, 1296K bss, 68556K reserved, 0K cma-reserved)
[    0.000000] SLUB: HWalign=64, Order=0-3, MinObjects=0, CPUs=2, Nodes=1
[    0.000000] Hierarchical RCU implementation.
[    0.000000] 	Build-time adjustment of leaf fanout to 64.
[    0.000000] 	RCU restricting CPUs from NR_CPUS=512 to nr_cpu_ids=2.
[    0.000000] RCU: Adjusting geometry for rcu_fanout_leaf=64, nr_cpu_ids=2
[    0.000000] NR_IRQS:33024 nr_irqs:440 16
[    0.000000] Console: colour VGA+ 80x25
[    0.000000] console [tty1] enabled
[    0.000000] console [ttyS0] enabled
[    0.000000] tsc: Detected 2294.770 MHz processor
[    2.749787] Calibrating delay loop (skipped) preset value.. 4589.54 BogoMIPS (lpj=9179080)
[    2.799144] pid_max: default: 32768 minimum: 301
[    2.839408] ACPI: Core revision 20160422
[    2.866769] ACPI: 2 ACPI AML tables successfully acquired and loaded
[    2.887621] 
[    2.893617] Security Framework initialized
[    2.903702] Yama: becoming mindful.
[    2.915502] AppArmor: AppArmor initialized
[    2.917936] Dentry cache hash table entries: 262144 (order: 9, 2097152 bytes)
[    2.965069] Inode-cache hash table entries: 131072 (order: 8, 1048576 bytes)
[    2.996546] Mount-cache hash table entries: 4096 (order: 3, 32768 bytes)
[    3.003289] Mountpoint-cache hash table entries: 4096 (order: 3, 32768 bytes)
[    3.063922] CPU: Physical Processor ID: 0
[    3.087706] CPU: Processor Core ID: 0
[    3.108240] mce: CPU supports 0 MCE banks
[    3.129049] Last level iTLB entries: 4KB 512, 2MB 8, 4MB 8
[    3.141162] Last level dTLB entries: 4KB 512, 2MB 32, 4MB 32, 1GB 0
[    3.151424] Freeing SMP alternatives memory: 32K (ffffffff9e2ee000 - ffffffff9e2f6000)
[    3.183344] ftrace: allocating 33429 entries in 131 pages
[    3.258466] smpboot: APIC(0) Converting physical 0 to logical package 0
[    3.298264] smpboot: Max logical packages: 1
[    3.376171] x2apic enabled
[    3.382627] Switched APIC routing to physical x2apic.
[    3.391716] ..TIMER: vector=0x30 apic1=0 pin1=2 apic2=-1 pin2=-1
[    3.526819] smpboot: CPU0: Intel(R) Core(TM) i7-3615QM CPU @ 2.30GHz (family: 0x6, model: 0x3a, stepping: 0x9)
[    3.556532] Performance Events: unsupported p6 CPU model 58 no PMU driver, software events only.
[    3.558530] KVM setup paravirtual spinlock
[    3.581420] x86: Booting SMP configuration:
[    3.619435] .... node  #0, CPUs:      #1
[    3.678948] kvm-clock: cpu 1, msr 0:7ffe3041, secondary cpu clock
[    3.796145] mce: CPU supports 0 MCE banks
[    3.844837] x86: Booted up 1 node, 2 CPUs
[    3.877640] smpboot: Total of 2 processors activated (9179.08 BogoMIPS)
[    3.966190] devtmpfs: initialized
[    3.973492] x86/mm: Memory block size: 128MB
[    3.976119] evm: security.selinux
[    4.006080] evm: security.SMACK64
[    4.017630] evm: security.SMACK64EXEC
[    4.054352] evm: security.SMACK64TRANSMUTE
[    4.094899] evm: security.SMACK64MMAP
[    4.105443] evm: security.ima
[    4.106178] evm: security.capability
[    4.107442] clocksource: jiffies: mask: 0xffffffff max_cycles: 0xffffffff, max_idle_ns: 7645041785100000 ns
[    4.173376] pinctrl core: initialized pinctrl subsystem
[    4.195718] RTC time: 19:09:58, date: 05/17/17
[    4.214857] NET: Registered protocol family 16
[    4.259591] cpuidle: using governor ladder
[    4.287792] cpuidle: using governor menu
[    4.338776] PCCT header not found.
[    4.370845] ACPI: bus type PCI registered
[    4.438511] acpiphp: ACPI Hot Plug PCI Controller Driver version: 0.5
[    4.439958] PCI: Using configuration type 1 for base access
[    4.545717] HugeTLB registered 2 MB page size, pre-allocated 0 pages
[    4.655999] ACPI: Added _OSI(Module Device)
[    4.675917] ACPI: Added _OSI(Processor Device)
[    4.676888] ACPI: Added _OSI(3.0 _SCP Extensions)
[    4.699235] ACPI: Added _OSI(Processor Aggregator Device)
[    4.800023] ACPI: Executed 1 blocks of module-level executable AML code
[    4.852663] ACPI: Interpreter enabled
[    4.881536] ACPI: (supports S0 S5)
[    4.929082] ACPI: Using IOAPIC for interrupt routing
[    4.955867] PCI: Using host bridge windows from ACPI; if necessary, use "pci=nocrs" and report a bug
[    5.057615] ACPI: PCI Root Bridge [PCI0] (domain 0000 [bus 00-ff])
[    5.065816] acpi PNP0A03:00: _OSC: OS supports [ASPM ClockPM Segments MSI]
[    5.100028] acpi PNP0A03:00: _OSC failed (AE_NOT_FOUND); disabling ASPM
[    5.105539] acpi PNP0A03:00: fail to add MMCONFIG information, can't access extended PCI configuration space under this bridge.
[    5.154686] PCI host bridge to bus 0000:00
[    5.178229] pci_bus 0000:00: root bus resource [io  0x0000-0x0cf7 window]
[    5.219999] pci_bus 0000:00: root bus resource [io  0x0d00-0xffff window]
[    5.222476] pci_bus 0000:00: root bus resource [mem 0x000a0000-0x000bffff window]
[    5.253524] pci_bus 0000:00: root bus resource [mem 0x80000000-0xffdfffff window]
[    5.279232] pci_bus 0000:00: root bus resource [bus 00-ff]
[    5.313150] pci 0000:00:01.1: legacy IDE quirk: reg 0x10: [io  0x01f0-0x01f7]
[    5.340788] pci 0000:00:01.1: legacy IDE quirk: reg 0x14: [io  0x03f6]
[    5.370514] pci 0000:00:01.1: legacy IDE quirk: reg 0x18: [io  0x0170-0x0177]
[    5.384358] pci 0000:00:01.1: legacy IDE quirk: reg 0x1c: [io  0x0376]
[    5.435719] pci 0000:00:07.0: quirk: [io  0x4000-0x403f] claimed by PIIX4 ACPI
[    5.497323] pci 0000:00:07.0: quirk: [io  0x4100-0x410f] claimed by PIIX4 SMB
[    5.525804] ACPI: PCI Interrupt Link [LNKA] (IRQs 5 9 10 *11)
[    5.550710] ACPI: PCI Interrupt Link [LNKB] (IRQs 5 9 10 *11)
[    5.611918] ACPI: PCI Interrupt Link [LNKC] (IRQs 5 9 *10 11)
[    5.630029] ACPI: PCI Interrupt Link [LNKD] (IRQs 5 *9 10 11)
[    5.649361] ACPI: Enabled 2 GPEs in block 00 to 07
[    5.681511] SCSI subsystem initialized
[    5.690274] vgaarb: setting as boot device: PCI:0000:00:02.0
[    5.765658] vgaarb: device added: PCI:0000:00:02.0,decodes=io+mem,owns=io+mem,locks=none
[    5.802347] vgaarb: loaded
[    5.822735] vgaarb: bridge control possible 0000:00:02.0
[    5.899109] ACPI: bus type USB registered
[    5.964594] usbcore: registered new interface driver usbfs
[    6.022741] usbcore: registered new interface driver hub
[    6.029440] usbcore: registered new device driver usb
[    6.085692] PCI: Using ACPI for IRQ routing
[    6.096562] NetLabel: Initializing
[    6.139961] NetLabel:  domain hash size = 128
[    6.173607] NetLabel:  protocols = UNLABELED CIPSOv4
[    6.182210] NetLabel:  unlabeled traffic allowed by default
[    6.222829] clocksource: Switched to clocksource kvm-clock
[    6.279966] VFS: Disk quotas dquot_6.6.0
[    6.292791] VFS: Dquot-cache hash table entries: 512 (order 0, 4096 bytes)
[    6.341840] AppArmor: AppArmor Filesystem Enabled
[    6.370151] pnp: PnP ACPI init
[    6.400634] pnp: PnP ACPI: found 3 devices
[    6.417799] clocksource: acpi_pm: mask: 0xffffff max_cycles: 0xffffff, max_idle_ns: 2085701024 ns
[    6.515230] NET: Registered protocol family 2
[    6.527311] TCP established hash table entries: 16384 (order: 5, 131072 bytes)
[    6.585887] TCP bind hash table entries: 16384 (order: 6, 262144 bytes)
[    6.587292] TCP: Hash tables configured (established 16384 bind 16384)
[    6.594057] UDP hash table entries: 1024 (order: 3, 32768 bytes)
[    6.605977] UDP-Lite hash table entries: 1024 (order: 3, 32768 bytes)
[    6.644086] NET: Registered protocol family 1
[    6.665494] pci 0000:00:00.0: Limiting direct PCI/PCI transfers
[    6.672178] pci 0000:00:01.0: Activating ISA DMA hang workarounds
[    6.686910] pci 0000:00:02.0: Video device with shadowed ROM at [mem 0x000c0000-0x000dffff]
[    6.774632] Unpacking initramfs...
[    7.043806] Freeing initrd memory: 16388K (ffff9962b5fee000 - ffff9962b6fef000)
[    7.109812] platform rtc_cmos: registered platform RTC device (no PNP device found)
[    7.147922] Scanning for low memory corruption every 60 seconds
[    7.181751] futex hash table entries: 512 (order: 3, 32768 bytes)
[    7.227663] audit: initializing netlink subsys (disabled)
[    7.245104] audit: type=2000 audit(1495048202.153:1): initialized
[    7.326644] Initialise system trusted keyrings
[    7.342840] workingset: timestamp_bits=40 max_order=19 bucket_order=0
[    7.418885] zbud: loaded
[    7.429742] squashfs: version 4.0 (2009/01/31) Phillip Lougher
[    7.459072] fuse init (API version 7.25)
[    7.483004] Allocating IMA blacklist keyring.
[    7.529783] Key type asymmetric registered
[    7.558793] Asymmetric key parser 'x509' registered
[    7.572736] Block layer SCSI generic (bsg) driver version 0.4 loaded (major 248)
[    7.590899] io scheduler noop registered
[    7.605488] io scheduler deadline registered (default)
[    7.628584] io scheduler cfq registered
[    7.635995] pci_hotplug: PCI Hot Plug PCI Core version: 0.5
[    7.720712] pciehp: PCI Express Hot Plug Controller Driver version: 0.4
[    7.871892] ACPI: AC Adapter [AC] (on-line)
[    7.923047] input: Power Button as /devices/LNXSYSTM:00/LNXPWRBN:00/input/input0
[    7.933779] ACPI: Power Button [PWRF]
[    7.952033] input: Sleep Button as /devices/LNXSYSTM:00/LNXSLPBN:00/input/input1
[    7.993469] ACPI: Sleep Button [SLPF]
[    8.102462] GHES: HEST is not enabled!
[    8.126169] Serial: 8250/16550 driver, 32 ports, IRQ sharing enabled
[    8.150102] 00:02: ttyS0 at I/O 0x3f8 (irq = 4, base_baud = 115200) is a 16550A
[    8.223419] tsc: Refined TSC clocksource calibration: 2293.516 MHz
[    8.259569] clocksource: tsc: mask: 0xffffffffffffffff max_cycles: 0x210f47d1858, max_idle_ns: 440795207005 ns
[    8.279401] Linux agpgart interface v0.103
[    8.316025] loop: module loaded
[    8.334191] scsi host0: ata_piix
[    8.343502] scsi host1: ata_piix
[    8.401840] ata1: PATA max UDMA/33 cmd 0x1f0 ctl 0x3f6 bmdma 0xd000 irq 14
[    8.413281] ata2: PATA max UDMA/33 cmd 0x170 ctl 0x376 bmdma 0xd008 irq 15
[    8.425578] libphy: Fixed MDIO Bus: probed
[    8.461600] tun: Universal TUN/TAP device driver, 1.6
[    8.473757] tun: (C) 1999-2004 Max Krasnyansky <maxk@qualcomm.com>
[    8.504380] PPP generic driver version 2.4.2
[    8.513356] ehci_hcd: USB 2.0 'Enhanced' Host Controller (EHCI) Driver
[    8.592796] ehci-pci: EHCI PCI platform driver
[    8.642186] ehci-platform: EHCI generic platform driver
[    8.652320] ohci_hcd: USB 1.1 'Open' Host Controller (OHCI) Driver
[    8.653646] ohci-pci: OHCI PCI platform driver
[    8.672923] ohci-platform: OHCI generic platform driver
[    8.704169] uhci_hcd: USB Universal Host Controller Interface driver
[    8.732341] i8042: PNP: PS/2 Controller [PNP0303:PS2K,PNP0f03:PS2M] at 0x60,0x64 irq 1,12
[    8.750928] serio: i8042 KBD port at 0x60,0x64 irq 1
[    8.763216] serio: i8042 AUX port at 0x60,0x64 irq 12
[    8.774347] mousedev: PS/2 mouse device common for all mice
[    8.855945] rtc_cmos rtc_cmos: rtc core: registered rtc_cmos as rtc0
[    8.892454] input: AT Translated Set 2 keyboard as /devices/platform/i8042/serio0/input/input2
[    8.896129] rtc_cmos rtc_cmos: alarms up to one day, 114 bytes nvram
[    8.896145] i2c /dev entries driver
[    8.896225] device-mapper: uevent: version 1.0.3
[    9.023215] device-mapper: ioctl: 4.35.0-ioctl (2016-06-23) initialised: dm-devel@redhat.com
[    9.584911] ledtrig-cpu: registered to indicate activity on CPUs
[    9.622705] NET: Registered protocol family 10
[    9.654047] NET: Registered protocol family 17
[    9.667022] Key type dns_resolver registered
[    9.682506] microcode: sig=0x306a9, pf=0x2, revision=0x19
[    9.761947] microcode: Microcode Update Driver: v2.01 <tigran@aivazian.fsnet.co.uk>, Peter Oruba
[    9.782937] registered taskstats version 1
[    9.832848] Loading compiled-in X.509 certificates
[    9.868589] Loaded X.509 cert 'Build time autogenerated kernel key: 69528715860ecf287ad40fb13395100020309a34'
[    9.977445] zswap: loaded using pool lzo/zbud
[   10.027438] Key type big_key registered
[   10.069422] Key type trusted registered
[   10.144882] Key type encrypted registered
[   10.160122] AppArmor: AppArmor sha1 policy hashing enabled
[   10.187692] ima: No TPM chip found, activating TPM-bypass!
[   10.237166] evm: HMAC attrs: 0x1
[   10.249460]   Magic number: 1:902:192
[   10.268122] rtc_cmos rtc_cmos: setting system clock to 2017-05-17 19:10:05 UTC (1495048205)
[   10.303754] BIOS EDD facility v0.16 2004-Jun-25, 0 devices found
[   10.358437] EDD information not available.
[   10.391484] Freeing unused kernel memory: 1552K (ffffffff9e16a000 - ffffffff9e2ee000)
[   10.417516] Write protecting the kernel read-only data: 14336k
[   10.493180] Freeing unused kernel memory: 1376K (ffff9962d52a8000 - ffff9962d5400000)
[   10.527136] Freeing unused kernel memory: 268K (ffff9962d57bd000 - ffff9962d5800000)
[   10.579222] x86/mm: Checked W+X mappings: passed, no W+X pages found.
Loading, please wait...
starting version[   10.602384] random: systemd-udevd: uninitialized urandom read (16 bytes read)
 231
[   10.602804] random: udevadm: uninitialized urandom read (16 bytes read)
[   10.602834] random: udevadm: uninitialized urandom read (16 bytes read)
[   10.603434] random: udevadm: uninitialized urandom read (16 bytes read)
[   10.603483] random: udevadm: uninitialized urandom read (16 bytes read)
[   10.603495] random: udevadm: uninitialized urandom read (16 bytes read)
[   10.603696] random: udevadm: uninitialized urandom read (16 bytes read)
[   10.603747] random: udevadm: uninitialized urandom read (16 bytes read)
[   10.603795] random: udevadm: uninitialized urandom read (16 bytes read)
[   10.603847] random: udevadm: uninitialized urandom read (16 bytes read)
[   10.984203] Fusion MPT base driver 3.04.20
[   10.995741] Copyright (c) 1999-2008 LSI Corporation
[   11.002671] e1000: Intel(R) PRO/1000 Network Driver - version 7.3.21-k8-NAPI
[   11.016359] e1000: Copyright (c) 1999-2006 Intel Corporation.
[   11.048979] Fusion MPT SPI Host driver 3.04.20
[   11.157251] AVX version of gcm_enc/dec engaged.
[   11.258796] AES CTR mode by8 optimization enabled
[   11.352533] input: ImExPS/2 Generic Explorer Mouse as /devices/platform/i8042/serio1/input/input4
[   11.592605] e1000 0000:00:03.0 eth0: (PCI:33MHz:32-bit) 02:bd:f9:05:ed:aa
[   11.692716] e1000 0000:00:03.0 eth0: Intel(R) PRO/1000 Network Connection
[   11.774238] e1000 0000:00:03.0 enp0s3: renamed from eth0
[   11.782254] mptbase: ioc0: Initiating bringup
[   11.919988] ioc0: LSI53C1030 A0: Capabilities={Initiator}
[   12.222067] scsi host2: ioc0: LSI53C1030 A0, FwRev=00000000h, Ports=1, MaxQ=256, IRQ=20
[   12.424047] scsi 2:0:0:0: Direct-Access     VBOX     HARDDISK         1.0  PQ: 0 ANSI: 5
[   12.437951] scsi target2:0:0: Beginning Domain Validation
[   12.479613] scsi target2:0:0: Domain Validation skipping write tests
[   12.531415] scsi target2:0:0: Ending Domain Validation
[   12.597594] scsi target2:0:0: asynchronous
[   12.703686] scsi 2:0:1:0: Direct-Access     VBOX     HARDDISK         1.0  PQ: 0 ANSI: 5
[   12.733295] scsi target2:0:1: Beginning Domain Validation
[   12.811509] scsi target2:0:1: Domain Validation skipping write tests
[   12.858719] scsi target2:0:1: Ending Domain Validation
[   12.860313] scsi target2:0:1: asynchronous
[   12.919130] random: fast init done
[   12.978498] sd 2:0:0:0: [sda] 20971520 512-byte logical blocks: (10.7 GB/10.0 GiB)
[   12.978588] sd 2:0:0:0: Attached scsi generic sg0 type 0
[   12.979018] sd 2:0:1:0: Attached scsi generic sg1 type 0
[   12.979299] sd 2:0:1:0: [sdb] 20480 512-byte logical blocks: (10.5 MB/10.0 MiB)
[   12.979443] sd 2:0:1:0: [sdb] Write Protect is off
[   12.979530] sd 2:0:1:0: [sdb] Incomplete mode parameter data
[   12.979531] sd 2:0:1:0: [sdb] Assuming drive cache: write through
[   12.981243] sd 2:0:1:0: [sdb] Attached SCSI disk
[   13.372968] sd 2:0:0:0: [sda] Write Protect is off
[   13.419897] sd 2:0:0:0: [sda] Incomplete mode parameter data
[   13.510630] sd 2:0:0:0: [sda] Assuming drive cache: write through
[   13.646869]  sda: sda1
[   13.659116] sd 2:0:0:0: [sda] Attached SCSI disk
[   14.163441] floppy0: no floppy controllers found
Begin: Loading e[   15.610762] md: linear personality registered for level -1
ssential drivers[   15.749259] md: multipath personality registered for level -4
 ... [   15.915476] md: raid0 personality registered for level 0
[   16.007918] md: raid1 personality registered for level 1
[   16.226864] raid6: sse2x1   gen()  8187 MB/s
[   16.347285] raid6: sse2x1   xor()  6573 MB/s
[   16.426914] raid6: sse2x2   gen() 10210 MB/s
[   16.547141] raid6: sse2x2   xor()  7322 MB/s
[   16.646924] raid6: sse2x4   gen() 10004 MB/s
[   16.731232] raid6: sse2x4   xor()  8733 MB/s
[   16.743204] raid6: using algorithm sse2x2 gen() 10210 MB/s
[   16.773468] raid6: .... xor() 7322 MB/s, rmw enabled
[   16.828244] raid6: using ssse3x2 recovery algorithm
[   16.906447] xor: automatically using best checksumming function: avx
[   17.094885] async_tx: api initialized (async)
[   17.122070] md: raid6 personality registered for level 6
[   17.301414] md: raid5 personality registered for level 5
[   17.452375] md: raid4 personality registered for level 4
[   17.644263] md: raid10 personality registered for level 10
done.
Begin: Running /scripts/init-premount ... done.
Begin: Mounting root file system ... Beg[   17.728888] Btrfs loaded, crc32c=crc32c-intel
in: Running /scripts/local-top ... done.
Begin: Running /scripts/local-premount ... Scanning fo[   17.779536] EXT4-fs (sda1): INFO: recovery required on readonly filesystem
r Btrfs filesyst[   17.818511] EXT4-fs (sda1): write access will be enabled during recovery
ems
done.
Warning: fsck not present, so skipping root file system
[   18.331163] EXT4-fs (sda1): orphan cleanup on readonly fs
[   18.778296] EXT4-fs (sda1): 7 orphan inodes deleted
[   18.793248] EXT4-fs (sda1): recovery complete
[   18.842817] EXT4-fs (sda1): mounted filesystem with ordered data mode. Opts: (null)
done.
Begin: Running /scripts/local-bottom ... done.
Begin: Running /scripts/init-bottom ... done.
[   19.563296] ip_tables: (C) 2000-2006 Netfilter Core Team
[   19.707509] systemd[1]: systemd 231 running in system mode. (+PAM +AUDIT +SELINUX +IMA +APPARMOR +SMACK +SYSVINIT +UTMP +LIBCRYPTSETUP +GCRYPT +GNUTLS +ACL +XZ -LZ4 +SECCOMP +BLKID +ELFUTILS +KMOD +IDN)
[   19.741987] systemd[1]: Detected virtualization oracle.
[   19.882483] systemd[1]: Detected architecture x86-64.

Welcome to [1mUbuntu 16.10[0m!

[   19.983487] systemd[1]: Set hostname to <Website>.
[   20.110884] random: crng init done
[   21.092355] systemd[1]: Reached target Encrypted Volumes.
[[0;32m  OK  [0m] Reached target Encrypted Volumes.
[   21.139325] systemd[1]: Reached target User and Group Name Lookups.
[[0;32m  OK  [0m] Reached target User and Group Name Lookups.
[   21.175630] systemd[1]: Listening on udev Kernel Socket.
[[0;32m  OK  [0m] Listening on udev Kernel Socket.
[   21.228004] systemd[1]: Set up automount Arbitrary Executable File Formats File System Automount Point.
[[0;32m  OK  [0m] Set up automount Arbitrary Executab...ats File System Automount Point.
[   21.295298] systemd[1]: Listening on udev Control Socket.
[[0;32m  OK  [0m] Listening on udev Control Socket.
[   21.391311] systemd[1]: Listening on LVM2 poll daemon socket.
[[0;32m  OK  [0m] Listening on LVM2 poll daemon socket.
[[0;32m  OK  [0m] Listening on /dev/initctl Compatibility Named Pipe.
[[0;32m  OK  [0m] Listening on Journal Socket (/dev/log).
[[0;32m  OK  [0m] Listening on Syslog Socket.
[[0;32m  OK  [0m] Created slice User and Session Slice.
[[0;32m  OK  [0m] Listening on Journal Socket.
[[0;32m  OK  [0m] Created slice System Slice.
         Starting Uncomplicated firewall...
[[0;32m  OK  [0m] Created slice system-postgresql.slice.
[[0;32m  OK  [0m] Created slice system-serial\x2dgetty.slice.
         Starting Create list of required st... nodes for the current kernel...
         Mounting Debug File System...
         Starting Remount Root and Kernel File Systems...
[   21.863170] EXT4-fs (sda1): re-mounted. Opts: (null)
         Mounting Huge Pages File System...
         Mounting POSIX Message Queue File System...
[[0;32m  OK  [0m] Listening on Device-mapper event daemon FIFOs.
         Starting Nameserver information manager...
[[0;32m  OK  [0m] Listening on LVM2 metadata daemon socket.
         Starting Monitoring of LVM2 mirrors... dmeventd or progress polling...
         Starting Load Kernel Modules...
         Starting Set the console keyboard layout...
[[0;32m  OK  [0m] Reached target Slices.
[[0;32m  OK  [[   22.330075] Loading iSCSI transport class v2.0-870.
0m] Started Forward Password Requests to Wall Directory Watch.
[[0;32m  OK  [0m] Listening on Journal Audit Socket.
[   22.421950] iscsi: registered transport (tcp)
         Starting Journal Service...
[[0;32m  OK  [0m] Mounted POSIX Message Queue File System.
[[0;32m  OK  [0m] Mounted Huge Pages File System.
[[0;32m  OK  [0m] Mounted Debug File System.
[[0;32m  OK  [0m] Started Uncomplicated firewall.
[   22.658240] iscsi: registered transport (iser)
[[0;32m  OK  [0m] Started Create list of required sta...ce nodes for the current kernel.
[[0;32m  OK  [0m] Started Remount Root and Kernel File Systems.
[[0;32m  OK  [0m] Started Load Kernel Modules.
[[0;32m  OK  [0m] Started Nameserver information manager.
[[0;32m  OK  [0m] Started Journal Service.
[[0;32m  OK  [0m] Started LVM2 metadata daemon.
         Starting Apply Kernel Variables...
         Mounting Configuration File System...
         Mounting FUSE Control File System...
         Starting Load/Save Random Seed...
         Activating swap /swapfile...
         Starting Initial cloud-init job (pre-networking)...
         Starting Flush Journal to Persistent Storage...
         Starting udev Coldplug all Devices...
         Starting Create Static Device Nodes in /dev...
[[0;32m  OK  [0m] Mounted FUSE Control File System.
[[0;32m  OK  [0m] Mounted Configuration File System.
[[0;32m  OK  [0m] Activated swap /swapfile.
[[0;32m  OK  [0m] Started Monitoring of LVM2 mirrors,...ng dmeventd or progress polling.
[[0;32m  OK  [0m] Started Apply Kernel Variables.
[[0;32m  OK  [0m] Started Load/Save Random Seed.
[[0;32m  OK  [0m] Started Create Static Device Nodes in /dev.
[[0;32m  OK  [0m] Started udev Coldplug all Devices.
         Starting udev Kernel Device Manager...
[[0;32m  OK  [0m] Reached target Swap.
[[0;32m  OK  [0m] Started Flush Journal to Persistent Storage.
[[0;32m  OK  [0m] Started Set the console keyboard layout.
[[0;32m  OK  [0m] Started udev Kernel Device Manager.
[[0;32m  OK  [0m] Reached target Local File Systems (Pre).
[[0;32m  OK  [0m] Reached target Local File Systems.
         Starting ebtables ruleset management...
         Starting AppArmor initialization...
         Starting Tell Plymouth To Write Out Runtime Data...
         Starting Set console font and keymap...
         Starting Create Volatile Files and Directories...
[[0;32m  OK  [0m] Started Dispatch Password Requests to Console Directory Watch.
[[0;32m  OK  [0m] Started Tell Plymouth To Write Out Runtime Data.
[[0;32m  OK  [0m] Started Set console font and keymap.
[[0;32m  OK  [0m] Found device /dev/ttyS0.
[[0;32m  OK  [0m] Started ebtables ruleset management.
[[0;32m  OK  [0m] Started Create Volatile Files and Directories.
[[0;32m  OK  [0m] Reached target System Time Synchronized.
         Starting Update UTMP about System Boot/Shutdown...
[[0;32m  OK  [0m] Started Update UTMP about System Boot/Shutdown.
[[0;32m  OK  [0m] Found device 82540EM Gigabit Ethern...r (PRO/1000 MT Desktop Adapter).
[[0;32m  OK  [0m] Listening on Load/Save RF Kill Switch Status /dev/rfkill Watch.
[[0;32m  OK  [0m] Started AppArmor initialization.
[   22.401579] cloud-init[475]: Cloud-init v. 0.7.9 running 'init-local' at Wed, 17 May 2017 19:10:22 +0000. Up 22.12 seconds.
[[0;32m  OK  [0m] Started Initial cloud-init job (pre-networking).
[[0;32m  OK  [0m] Reached target Network (Pre).
         Starting Raise network interfaces...
[[0;32m  OK  [0m] Started ifup for enp0s3.
[[0;32m  OK  [0m] Started Raise network interfaces.
[[0;32m  OK  [0m] Reached target Network.
         Starting Initial cloud-init job (metadata service crawler)...
[   23.980452] cloud-init[1079]: Cloud-init v. 0.7.9 running 'init' at Wed, 17 May 2017 19:10:24 +0000. Up 23.41 seconds.
[[0;32m  OK  [0m] Started Initial cloud-init job (metadata service crawler).
[[0;32m  OK  [0m] Reached target Cloud-config availability.
[[0;32m  OK  [0m] Reached target System Initialization.
[   24.082609] cloud-init[1079]: ci-info: +++++++++++++++++++++++++++++Net device info++++++++++++++++++++++++++++++
[   24.305182] cloud-init[1079]: ci-info: +---------+------+-----------+---------------+-------+-------------------+
[   24.376886] cloud-init[1079]: ci-info: |  Device |  Up  |  Address  |      Mask     | Scope |     Hw-Address    |
[[0;32m  OK  [0m] Listening on UUID daemon activation socket.
[[0;32m  OK  [0m] Started Daily Cleanup of Temporary Directories.
[[0;32m  OK  [0m] Listening on ACPID Listen Socket.
         Starting Socket activation for snappy daemon.
[   24.455306] cloud-init[1079]: ci-info: +---------+------+-----------+---------------+-------+-------------------+
[   24.652439] [cloud-init[0;32m  OK  [0m[1079]: ] ci-info: |   lo:   | True | 127.0.0.1 |   255.0.0.0   |   .   |         .         |Started Daily apt activities.

[   24.740768] [cloud-init[0;32m  OK  [0m[1079]: ] ci-info: |   lo:   | True |     .     |       .       |   d   |         .         |Started ACPI Events Check.

[   24.836723] [cloud-init[0;32m  OK  [0m[1079]: ] ci-info: | enp0s3: | True | 10.0.2.15 | 255.255.255.0 |   .   | 02:bd:f9:05:ed:aa |Reached target Paths.

[   24.837332] cloud-init[1079]: ci-info: | enp0s3: | True |     .     |       .       |   d   | 02:bd:f9:05:ed:aa |
[   25.008647]          cloud-initStarting LXD - unix socket.[1079]: 
ci-info: +---------+------+-----------+---------------+-------+-------------------+
[   25.105009] [cloud-init[0;32m  OK  [0m[1079]: ] ci-info: +++++++++++++++++++++++++++Route IPv4 info++++++++++++++++++++++++++++Started Timer to automatically refresh installed snaps.

[   25.240532] [cloud-init[0;32m  OK  [0m[1079]: ] ci-info: +-------+-------------+----------+---------------+-----------+-------+Reached target Timers.

[   25.332721] [cloud-init[0;32m  OK  [0m[1079]: ] ci-info: | Route | Destination | Gateway  |    Genmask    | Interface | Flags |Listening on D-Bus System Message Bus Socket.

[   25.457033] [cloud-init[0;32m  OK  [0m[1079]: ] ci-info: +-------+-------------+----------+---------------+-----------+-------+Listening on Socket activation for snappy daemon.

[   25.544621] [cloud-init[0;32m  OK  [0m[1079]: ] ci-info: |   0   |   0.0.0.0   | 10.0.2.2 |    0.0.0.0    |   enp0s3  |   UG  |Listening on LXD - unix socket.

[   25.592624] [cloud-init[0;32m  OK  [0m[1079]: ] ci-info: |   1   |   10.0.2.0  | 0.0.0.0  | 255.255.255.0 |   enp0s3  |   U   |Reached target Sockets.

[   25.593220] [cloud-init[0;32m  OK  [0m[1079]: ] ci-info: +-------+-------------+----------+---------------+-----------+-------+Reached target Basic System.

         Starting Network Name Resolution...
         Starting LSB: Record successful boot for GRUB...
[[0;32m  OK  [0m] Started ACPI event daemon.
[[0;32m  OK  [0m] Started D-Bus System Message Bus.
[[0;32m  OK  [0m] Started memcached daemon.
         Starting RabbitMQ Messaging Server...
[[0;32m  OK  [0m] Started Regular background program processing daemon.
[[0;32m  OK  [0m] Started Snappy daemon.
         Starting Auto import assertions from block devices...
[[0;32m  OK  [0m] Started Deferred execution scheduler.
         Starting Accounts Service...
[[0;32m  OK  [0m] Started FUSE filesystem for LXC.
         Starting MySQL Community Server...
         Starting Login Service...
         Starting Advanced key-value store...
         Starting System Logging Service...
         Starting PostgreSQL Cluster 9.5-main...
[[0;32m  OK  [0m] Started Unattended Upgrades Shutdown.
         Starting LXD - container startup/shutdown...
[[0;32m  OK  [0m] Started Auto import assertions from block devices.
[[0;32m  OK  [0m] Started Login Service.
[[0;32m  OK  [0m] Started Network Name Resolution.
[[0;32m  OK  [0m] Reached target Network is Online.
         Starting OpenBSD Secure Shell server...
         Starting iSCSI initiator daemon (iscsid)...
         Starting Apply the settings specified in cloud-config...
[[0;32m  OK  [0m] Started LSB: Record successful boot for GRUB.
[[0;32m  OK  [0m] Started iSCSI initiator daemon (iscsid).
         Starting Login to default iSCSI targets...
[[0;32m  OK  [0m] Started System Logging Service.
[   28.723456] cloud-init[1538]: Cloud-init v. 0.7.9 running 'modules:config' at Wed, 17 May 2017 19:10:28 +0000. Up 27.50 seconds.
[[0;32m  OK  [0m] Started Login to default iSCSI targets.
[[0;32m  OK  [0m] Reached target Remote File Systems (Pre).
[[0;32m  OK  [0m] Reached target Remote File Systems.
         Starting LSB: daemon to balance interrupts for SMP systems...
         Starting Permit User Sessions...
         Starting LSB: VirtualBox Linux Additions...
         Starting LSB: Start/stop sysstat's sadc...
         Starting LSB: automatic crash report generation...
[[0;32m  OK  [0m] Started Apply the settings specified in cloud-config.
[[0;32m  OK  [0m] Started Advanced key-value store.
[[0;32m  OK  [0m] Started Permit User Sessions.
[[0;32m  OK  [0m] Started OpenBSD Secure Shell server.
         Starting Authenticate and Authorize Users to Run Privileged Tasks...
         Starting Terminate Plymouth Boot Screen...
         Starting Hold until boot process finishes up...
[[0;32m  OK  [0m] Started LSB: Start/stop sysstat's sadc.
[[0;32m  OK  [0m] Started Terminate Plymouth Boot Screen.
[[0;32m  OK  [0m] Started LSB: automatic crash report generation.
[[0;32m  OK  [0m] Started LSB: daemon to balance interrupts for SMP systems.
[[0;32m  OK  [0m] Started Hold until boot process finishes up.
         Starting Set console scheme...
[[0;32m  OK  [0m] Started Serial Getty on ttyS0.
[[0;32m  OK  [0m] Started Set console scheme.
[[0;32m  OK  [0m] Created slice system-getty.slice.
[[0;32m  OK  [0m] Started Getty on tty1.
[[0;32m  OK  [0m] Reached target Login Prompts.
[[0;32m  OK  [0m] Started Authenticate and Authorize Users to Run Privileged Tasks.
[[0;32m  OK  [0m] Started Accounts Service.
[[0;32m  OK  [0m] Started LSB: VirtualBox Linux Additions.
[[0;32m  OK  [0m] Created slice User Slice of ubuntu.
         Starting User Manager for UID 1000...
[[0;32m  OK  [0m] Started Session 1 of user ubuntu.
[[0;32m  OK  [0m] Started User Manager for UID 1000.

Ubuntu 16.10 Website ttyS0

Website login: [   43.702415] cloud-init[2406]: Cloud-init v. 0.7.9 running 'modules:final' at Wed, 17 May 2017 19:10:44 +0000. Up 43.52 seconds.
[   43.702963] cloud-init[2406]: Cloud-init v. 0.7.9 finished at Wed, 17 May 2017 19:10:44 +0000. Datasource DataSourceNoCloud [seed=/dev/sdb][dsmode=net].  Up 43.69 seconds
